// Jest Snapshot v1, https://goo.gl/fbAQLP

exports[`Villager Container Test should render extended details about the selected villager 1`] = `
<section
  aria-label="villagerDetails"
  class="villagerCard"
>
  <label>
    Hi, I'm 
    !
  </label>
  <img />
  <span>
    I'm a 
     and my birthday is 
    ! I love listening to 
     while I'm 
    . I'm pretty
     
     and always say 
    . Well, it was nice chatting! Bye!
  </span>
  <a
    href="/"
  >
    Back to List
  </a>
</section>
`;
